   SW  perc perc perc  query      position in query           matching       repeat              position in  repeat
score  div. del. ins.  sequence    begin     end    (left)    repeat         class/family         begin  end (left)   ID

  778  16.7  0.7  2.0  chr2L           2     154 (23513558) +  HETRP_DM       Satellite             1519 1669  (203)      1
  296  17.4 20.7  4.2  chr2L         313     408 (23513304) +  HETRP_DM       Satellite             1519 1634  (238)      2
  787  17.0  0.7  1.9  chr2L         457     612 (23513100) +  HETRP_DM       Satellite             1516 1669  (203)      2
  296  17.4 20.7  4.2  chr2L         771     866 (23512846) +  HETRP_DM       Satellite             1519 1634  (238)      3
  787  17.0  0.7  1.9  chr2L         915    1070 (23512642) +  HETRP_DM       Satellite             1516 1669  (203)      3
  296  17.4 20.7  4.2  chr2L        1229    1324 (23512388) +  HETRP_DM       Satellite             1519 1634  (238)      4
  787  17.0  0.7  1.9  chr2L        1373    1528 (23512184) +  HETRP_DM       Satellite             1516 1669  (203)      4
  296  17.4 20.7  4.2  chr2L        1687    1782 (23511930) +  HETRP_DM       Satellite             1519 1634  (238)      5
  787  17.0  0.7  1.9  chr2L        1831    1986 (23511726) +  HETRP_DM       Satellite             1516 1669  (203)      5
  296  17.4 20.7  4.2  chr2L        2145    2240 (23511472) +  HETRP_DM       Satellite             1519 1634  (238)      6
  787  17.0  0.7  1.9  chr2L        2289    2444 (23511268) +  HETRP_DM       Satellite             1516 1669  (203)      6
  296  17.4 20.7  4.2  chr2L        2603    2698 (23511014) +  HETRP_DM       Satellite             1519 1634  (238)      7
  787  17.0  0.7  1.9  chr2L        2747    2902 (23510810) +  HETRP_DM       Satellite             1516 1669  (203)      7
  296  17.4 20.7  4.2  chr2L        3061    3156 (23510556) +  HETRP_DM       Satellite             1519 1634  (238)      8
  787  17.0  0.7  1.9  chr2L        3205    3360 (23510352) +  HETRP_DM       Satellite             1516 1669  (203)      8
  296  17.4 20.7  4.2  chr2L        3519    3614 (23510098) +  HETRP_DM       Satellite             1519 1634  (238)      9
  787  17.0  0.7  1.9  chr2L        3663    3818 (23509894) +  HETRP_DM       Satellite             1516 1669  (203)      9
  296  17.4 20.7  4.2  chr2L        3977    4072 (23509640) +  HETRP_DM       Satellite             1519 1634  (238)     10
  787  17.0  0.7  1.9  chr2L        4121    4276 (23509436) +  HETRP_DM       Satellite             1516 1669  (203)     10
  296  17.4 20.7  4.2  chr2L        4435    4530 (23509182) +  HETRP_DM       Satellite             1519 1634  (238)     11
  787  17.0  0.7  1.9  chr2L        4579    4734 (23508978) +  HETRP_DM       Satellite             1516 1669  (203)     11
  296  17.4 20.7  4.2  chr2L        4893    4988 (23508724) +  HETRP_DM       Satellite             1519 1634  (238)     12
  790  16.3  0.7  1.9  chr2L        5037    5192 (23508520) +  HETRP_DM       Satellite             1516 1669  (203)     12
  704  19.9  0.0  1.3  chr2L        5223    5375 (23508337) +  HETRP_DM       Satellite             1519 1669  (203)     12
   13  19.8  6.5  0.0  chr2L        5465    5510 (23508202) +  (CATAGAA)n     Simple_repeat            1   49    (0)     13
  762  14.7  1.3  3.2  chr2L        5555    5709 (23508003) +  HETRP_DM       Satellite             1518 1669  (203)     14
  678  18.5  6.5  1.9  chr2L        5856    6015 (23507697) +  HETRP_DM       Satellite             1518 1685  (187)     15
  285  23.5  6.4  1.5  chr2L        9726    9859 (23503853) +  IDEFIX_LTR     LTR/Gypsy              425  565   (29)     16
  526   5.6  0.0 15.2  chr2L        9889    9993 (23503719) C  DNAREP1_DM     RC/Helitron          (499)   95      7     17
  362  21.1  1.1  0.0  chr2L       15866   15955 (23497757) C  DNAREP1_DM     RC/Helitron          (503)   91      1     18
   15  23.1  0.0  4.2  chr2L       17217   17266 (23496446) +  A-rich         Low_complexity           1   48    (0)     19
   12  16.4  5.9  0.0  chr2L       17730   17763 (23495949) +  A-rich         Low_complexity           1   36    (0)     20
   12  16.4  5.9  0.0  chr2L       20535   20568 (23493144) +  A-rich         Low_complexity           1   36    (0)     21
   18  15.9  5.9  1.9  chr2L       21531   21584 (23492128) +  (ATA)n         Simple_repeat            1   56    (0)     22
 1198  16.3  5.7  1.2  chr2L       24236   24484 (23489228) +  DNAREP1_DM     RC/Helitron              3  263  (331)     23
  324  24.3 18.8  0.5  chr2L       27529   27771 (23485941) C  DNAREP1_DM     RC/Helitron            (3)  591    159     24
   12  19.6  0.0  0.0  chr2L       31744   31772 (23481940) +  (GTA)n         Simple_repeat            1   29    (0)     25
   12  18.1  0.0  3.1  chr2L       33539   33571 (23480141) +  A-rich         Low_complexity           1   32    (0)     26
   14  27.4  2.1  0.0  chr2L       33852   33899 (23479813) +  (GTT)n         Simple_repeat            1   49    (0)     27
   23  26.9  1.0  5.1  chr2L       34968   34984 (23478728) +  (GTGTTG)n      Simple_repeat            1   96    (0)     28
   25  26.0  0.0  3.8  chr2L       34985   35067 (23478645) +  (TGT)n         Simple_repeat            1   80    (0)     29
   14  11.7  3.6  0.0  chr2L       35221   35248 (23478464) +  (GTT)n         Simple_repeat            1   29    (0)     30
   13  18.5  0.0  0.0  chr2L       39193   39223 (23474489) +  (TTATA)n       Simple_repeat            1   31    (0)     31
   13   9.6  0.0  0.0  chr2L       44165   44187 (23469525) +  (TATG)n        Simple_repeat            1   23    (0)     32
   17  20.2  0.0  0.0  chr2L       44564   44597 (23469115) +  (T)n           Simple_repeat            1   34    (0)     33
43674   0.5  0.0  0.0  chr2L       47514   52519 (23461193) +  LINEJ1_DM      LINE/Jockey              2 5007   (13)     34
   24   0.0  0.0  0.0  chr2L       52535   52560 (23461152) +  (A)n           Simple_repeat            1   26    (0)     35
   33  12.4  3.2  0.0  chr2L       54423   54484 (23459228) +  (TATAA)n       Simple_repeat            1   64    (0)     36
   25  13.7  0.0  0.0  chr2L       57571   57610 (23456102) +  (AT)n          Simple_repeat            1   40    (0)     37
   15  17.6  0.0  0.0  chr2L       60106   60137 (23453575) +  (ATTT)n        Simple_repeat            1   32    (0)     38
 1728  14.9  5.4  2.9  chr2L       60251   60631 (23453081) +  DNAREP1_DM     RC/Helitron             43  433  (161)     39
  518  18.8  1.5  2.3  chr2L       60656   60786 (23452926) +  DNAREP1_DM     RC/Helitron            269  398  (196)     40
 4303   6.4  0.8  0.3  chr2L       64316   64914 (23448798) +  BS2            LINE/Jockey           4120 4721    (0)     41
   16  20.0  5.0  0.0  chr2L       64996   65035 (23448677) +  (TA)n          Simple_repeat            1   42    (0)     42
   12  20.4  2.4  2.4  chr2L       65785   65825 (23447887) +  A-rich         Low_complexity           1   41    (0)     43
   15  30.7  2.0  0.0  chr2L       66107   66155 (23447557) +  (TA)n          Simple_repeat            1   50    (0)     44
   18  21.5  2.5  0.0  chr2L       80013   80052 (23433660) +  (AT)n          Simple_repeat            1   41    (0)     45
   13  13.2  6.1  0.0  chr2L       86917   86949 (23426763) +  (TATG)n        Simple_repeat            1   35    (0)     46
   13   9.3  0.0  0.0  chr2L       88377   88399 (23425313) +  (TATG)n        Simple_repeat            1   23    (0)     47
   14  22.1  4.3  0.0  chr2L       88400   88421 (23425291) +  (TATGTA)n      Simple_repeat            3   49    (0)     48
   13   4.5  0.0  8.0  chr2L       92417   92443 (23421269) +  (ATAC)n        Simple_repeat            1   25    (0)     49
   16  23.0  2.7  5.6  chr2L      100930  101002 (23412710) +  (AATTTA)n      Simple_repeat            1   71    (0)     50
   15  15.5  3.5  3.8  chr2L      110959  111002 (23402710) +  A-rich         Low_complexity           1   43    (0)     51
   12   4.3  8.3  0.0  chr2L      111180  111203 (23402509) +  (TTCGT)n       Simple_repeat            1   26    (0)     52
   14  14.9  0.0  7.5  chr2L      112619  112668 (23401044) +  (AATGATT)n     Simple_repeat            1   46    (0)     53
 1900   9.8 14.3  1.0  chr2L      116520  116980 (23396732) +  DNAREP1_DM     RC/Helitron              1  594    (0)     54
  533  10.2  1.1  1.1  chr2L      123547  123635 (23390077) C  QUASIMODO2-LTR_DM LTR/Gypsy            (276)  222    134     55
   12  19.9  2.9  0.0  chr2L      131282  131316 (23382396) +  (TAGTTA)n      Simple_repeat            1   36    (0)     56
   17  12.6  4.3  4.3  chr2L      134978  135024 (23378688) +  A-rich         Low_complexity           1   47    (0)     57
   30   6.0  0.0  0.0  chr2L      138132  138166 (23375546) +  (TA)n          Simple_repeat            1   35    (0)     58
  226  11.7 25.9  0.0  chr2L      138421  138480 (23375232) +  DNAREP1_DM     RC/Helitron             84  164  (430)     59
   17  16.7  0.0  0.0  chr2L      143548  143581 (23370131) +  GA-rich        Low_complexity           1   34    (0)     60
   14   7.9  3.7  0.0  chr2L      150284  150310 (23363402) +  (TTATA)n       Simple_repeat            1   28    (0)     61
   20  11.1  0.0  0.0  chr2L      160983  161011 (23352701) +  (T)n           Simple_repeat            1   29    (0)     62
   21  34.0  0.9  2.9  chr2L      162888  162993 (23350719) +  (AAC)n         Simple_repeat            1  104    (0)     63
   18  11.0  7.3  2.3  chr2L      163026  163071 (23350641) +  (AT)n          Simple_repeat            1   48    (0)     64
   16  14.5  5.3  0.0  chr2L      164490  164527 (23349185) +  GA-rich        Low_complexity           1   40    (0)     65
   15  20.2  2.0  4.2  chr2L      167437  167485 (23346227) +  A-rich         Low_complexity           1   48    (0)     66
   12  10.3  8.5  6.2  chr2L      167554  167600 (23346112) +  (TTACTA)n      Simple_repeat            1   48    (0)     67
   14   0.0  8.3  0.0  chr2L      167665  167703 (23346009) +  (AATC)n        Simple_repeat            1   42    (0)     68
   14  13.3  6.1  0.0  chr2L      170658  170690 (23343022) +  (TAA)n         Simple_repeat            1   35    (0)     69
   11  18.7  4.3  4.3  chr2L      171407  171452 (23342260) +  (AATATA)n      Simple_repeat            1   46    (0)     70
   16   0.0  0.0  0.0  chr2L      172310  172327 (23341385) +  (T)n           Simple_repeat            1   18    (0)     71
  384  24.8  0.0  5.7  chr2L      172569  172692 (23341020) +  DNAREP1_DM     RC/Helitron             67  183  (411)     72
  250   9.1  0.0  0.0  chr2L      172692  172724 (23340988) +  DNAREP1_DM     RC/Helitron            538  570   (24)     73
  239  16.7  0.0  0.0  chr2L      173743  173778 (23339934) C  DNAREP1_DM     RC/Helitron          (404)  190    155     74
   12  11.1  0.0  9.4  chr2L      173967  174001 (23339711) +  (TAATTT)n      Simple_repeat            1   32    (0)     75
   14   4.0  3.6  3.6  chr2L      175329  175356 (23338356) +  (TTTTA)n       Simple_repeat            1   28    (0)     76
  814   5.1  1.7  1.7  chr2L      176393  176512 (23337200) C  I_DM           LINE/I                 (3) 5371   5252     77
  824  18.9  7.8  2.8  chr2L      178184  178401 (23335311) +  DNAREP1_DM     RC/Helitron              2  231  (363)     78
  272  10.4 17.2  0.0  chr2L      178436  178483 (23335229) +  DNAREP1_DM     RC/Helitron            537  594    (0)     78
  974   9.0  4.7  0.4  chr2L      179751  180001 (23333711) +  DNAREP1_DM     RC/Helitron              1  382  (212)     79
   16  10.0  0.0  0.0  chr2L      182093  182114 (23331598) +  (A)n           Simple_repeat            1   22    (0)     80
   14  22.8  0.0  2.6  chr2L      183526  183565 (23330147) +  (TATG)n        Simple_repeat            1   39    (0)     81
   31   3.0  0.0  0.0  chr2L      187141  187174 (23326538) +  (ATTAATC)n     Simple_repeat            1   34    (0)     82
   12  17.9  0.0  5.9  chr2L      192396  192431 (23321281) +  A-rich         Low_complexity           1   34    (0)     83
   12  24.7  2.2  2.2  chr2L      193299  193343 (23320369) +  GA-rich        Low_complexity           1   45    (0)     84
