version https://git-lfs.github.com/spec/v1
oid sha256:1c2e82f650bd1ea37a675b9042146d07ed74aa23d2c3ef85c14343808eba0735
size 14740
