version https://git-lfs.github.com/spec/v1
oid sha256:43d89a4878105bc3c7680ff82c29cf1f78cc7f082f65a6408abba714f94d03f2
size 1606793
